// Jest Snapshot v1, https://goo.gl/fbAQLP

exports[`Entry component should match with snapshot 1`] = `
<div class="entry-container mb-3 pointer p-2">
  <div class="entry-title d-flex"><span class="text-success fs-5 fw-bold">30</span><span class="mx-1 fs-5">Noviembre</span><span class="mx-2 fw-light">2021, Martes</span></div>
  <div class="entry-description">MOCK DATA</div>
</div>
`;
